// Jest Snapshot v1, https://goo.gl/fbAQLP

exports[`Counter Component Should match snapshot 1`] = `
<DocumentFragment>
  <div
    class="jsx-1118913787"
  >
    <h1
      class="jsx-1118913787"
    >
      Count: 
      <span
        class="jsx-1118913787"
      >
        0
      </span>
    </h1>
    <button
      class="jsx-1118913787"
    >
      +1
    </button>
    <button
      class="jsx-1118913787"
    >
      -1
    </button>
    <button
      class="jsx-1118913787"
    >
      Reset
    </button>
  </div>
</DocumentFragment>
`;
